[
    {
        "docno": 1,
        "label": "Discussion"
    },
    {
        "docno": 2,
        "label": "Shop"
    }
]
